<?php return array (
  0 => 'Symfony\\Bundle\\FrameworkBundle\\Controller\\AbstractController',
  1 => 'App\\Controller\\EvenementController',
  2 => 'App\\Controller\\EvenementCsvController',
  3 => 'App\\Controller\\PdfController',
  4 => 'App\\Controller\\UsrEvtController',
  5 => 'App\\Entity\\Badge',
  6 => 'App\\Entity\\Categorie',
  7 => 'App\\Entity\\Certificat',
  8 => 'App\\Entity\\Evenement',
  9 => 'App\\Entity\\Formation',
  10 => 'App\\Entity\\Message',
  11 => 'App\\Entity\\Question',
  12 => 'App\\Entity\\Quiz',
  13 => 'App\\Entity\\Room',
  14 => 'App\\Entity\\User',
  15 => 'App\\Entity\\UserFormRoom',
  16 => 'App\\Entity\\UserFormation',
  17 => 'App\\Entity\\UserQuiz',
  18 => 'App\\Entity\\UsrBadge',
  19 => 'App\\Entity\\UsrEvt',
  20 => 'Doctrine\\Bundle\\DoctrineBundle\\Controller\\ProfilerController',
  21 => 'Doctrine\\ORM\\Cache\\Persister\\Entity\\AbstractEntityPersister',
  22 => 'Doctrine\\ORM\\Cache\\Persister\\Entity\\CachedEntityPersister',
  23 => 'Doctrine\\ORM\\Cache\\Persister\\Entity\\NonStrictReadWriteCachedEntityPersister',
  24 => 'Doctrine\\ORM\\Cache\\Persister\\Entity\\ReadOnlyCachedEntityPersister',
  25 => 'Doctrine\\ORM\\Cache\\Persister\\Entity\\ReadWriteCachedEntityPersister',
  26 => 'Doctrine\\ORM\\Persisters\\Entity\\AbstractEntityInheritancePersister',
  27 => 'Doctrine\\ORM\\Persisters\\Entity\\BasicEntityPersister',
  28 => 'Doctrine\\ORM\\Persisters\\Entity\\CachedPersisterContext',
  29 => 'Doctrine\\ORM\\Persisters\\Entity\\EntityPersister',
  30 => 'Doctrine\\ORM\\Persisters\\Entity\\JoinedSubclassPersister',
  31 => 'Doctrine\\ORM\\Persisters\\Entity\\SingleTablePersister',
  33 => 'Symfony\\Bundle\\FrameworkBundle\\Controller\\ControllerResolver',
  34 => 'Symfony\\Bundle\\FrameworkBundle\\Controller\\RedirectController',
  35 => 'Symfony\\Bundle\\FrameworkBundle\\Controller\\TemplateController',
  36 => 'Symfony\\Bundle\\WebProfilerBundle\\Controller\\ExceptionPanelController',
  37 => 'Symfony\\Bundle\\WebProfilerBundle\\Controller\\ProfilerController',
  38 => 'Symfony\\Bundle\\WebProfilerBundle\\Controller\\RouterController',
  39 => 'Symfony\\Component\\HttpKernel\\Controller\\ArgumentResolver',
  40 => 'Symfony\\Component\\HttpKernel\\Controller\\ArgumentResolverInterface',
  41 => 'Symfony\\Component\\HttpKernel\\Controller\\ArgumentResolver\\DefaultValueResolver',
  42 => 'Symfony\\Component\\HttpKernel\\Controller\\ArgumentResolver\\NotTaggedControllerValueResolver',
  43 => 'Symfony\\Component\\HttpKernel\\Controller\\ArgumentResolver\\RequestAttributeValueResolver',
  44 => 'Symfony\\Component\\HttpKernel\\Controller\\ArgumentResolver\\RequestValueResolver',
  45 => 'Symfony\\Component\\HttpKernel\\Controller\\ArgumentResolver\\ServiceValueResolver',
  46 => 'Symfony\\Component\\HttpKernel\\Controller\\ArgumentResolver\\SessionValueResolver',
  47 => 'Symfony\\Component\\HttpKernel\\Controller\\ArgumentResolver\\TraceableValueResolver',
  48 => 'Symfony\\Component\\HttpKernel\\Controller\\ArgumentResolver\\VariadicValueResolver',
  49 => 'Symfony\\Component\\HttpKernel\\Controller\\ArgumentValueResolverInterface',
  50 => 'Symfony\\Component\\HttpKernel\\Controller\\ContainerControllerResolver',
  51 => 'Symfony\\Component\\HttpKernel\\Controller\\ControllerReference',
  52 => 'Symfony\\Component\\HttpKernel\\Controller\\ControllerResolver',
  53 => 'Symfony\\Component\\HttpKernel\\Controller\\ControllerResolverInterface',
  54 => 'Symfony\\Component\\HttpKernel\\Controller\\ErrorController',
  55 => 'Symfony\\Component\\HttpKernel\\Controller\\TraceableArgumentResolver',
  56 => 'Symfony\\Component\\HttpKernel\\Controller\\TraceableControllerResolver',
  57 => 'Symfony\\Component\\Security\\Http\\Controller\\UserValueResolver',
  58 => 'Twilio\\Rest\\Verify\\V2\\Service\\Entity\\ChallengeContext',
  59 => 'Twilio\\Rest\\Verify\\V2\\Service\\Entity\\ChallengeInstance',
  60 => 'Twilio\\Rest\\Verify\\V2\\Service\\Entity\\ChallengeList',
  61 => 'Twilio\\Rest\\Verify\\V2\\Service\\Entity\\ChallengeOptions',
  62 => 'Twilio\\Rest\\Verify\\V2\\Service\\Entity\\ChallengePage',
  63 => 'Twilio\\Rest\\Verify\\V2\\Service\\Entity\\Challenge\\NotificationInstance',
  64 => 'Twilio\\Rest\\Verify\\V2\\Service\\Entity\\Challenge\\NotificationList',
  65 => 'Twilio\\Rest\\Verify\\V2\\Service\\Entity\\Challenge\\NotificationOptions',
  66 => 'Twilio\\Rest\\Verify\\V2\\Service\\Entity\\Challenge\\NotificationPage',
  67 => 'Twilio\\Rest\\Verify\\V2\\Service\\Entity\\FactorContext',
  68 => 'Twilio\\Rest\\Verify\\V2\\Service\\Entity\\FactorInstance',
  69 => 'Twilio\\Rest\\Verify\\V2\\Service\\Entity\\FactorList',
  70 => 'Twilio\\Rest\\Verify\\V2\\Service\\Entity\\FactorOptions',
  71 => 'Twilio\\Rest\\Verify\\V2\\Service\\Entity\\FactorPage',
  72 => 'Twilio\\Rest\\Verify\\V2\\Service\\Entity\\NewFactorInstance',
  73 => 'Twilio\\Rest\\Verify\\V2\\Service\\Entity\\NewFactorList',
  74 => 'Twilio\\Rest\\Verify\\V2\\Service\\Entity\\NewFactorOptions',
  75 => 'Twilio\\Rest\\Verify\\V2\\Service\\Entity\\NewFactorPage',
  76 => 'Vich\\UploaderBundle\\Entity\\File',
);